// Jest Snapshot v1, https://goo.gl/fbAQLP

exports[`renders correctly 1`] = `
<div
  className="App"
>
  <header
    className="header"
  >
    <div>
      <h1>
        <span>
          日本の英語教育に関するアンケート
        </span>
      </h1>
    </div>
  </header>
  <div
    className="form"
  >
    <form
      onSubmit={[Function]}
    >
      <p
        className="questions"
        data-testid="q1"
      >
        1. 以下の質問にお答えください。
      </p>
      <div>
        <table>
          <thead>
            <tr>
              <th
                className="th1"
              >
                質問
              </th>
              <th
                className="th2"
              >
                とても
                <br />
                同意
              </th>
              <th
                className="th3"
              >
                少し
                <br />
                同意
              </th>
              <th
                className="th4"
              >
                あまり
                <br />
                同意しない
              </th>
              <th
                className="th5"
              >
                全く
                <br />
                同意しない
              </th>
            </tr>
          </thead>
          <tbody>
            <tr
              className="1"
            >
              <td
                className="questionTtl td1"
              >
                <div
                  className="Question"
                >
                  <p
                    className="QuestionNum"
                  >
                    1. 
                  </p>
                  <p>
                    英語の授業中、教師は英語のみで教えるべきだ。
                  </p>
                </div>
              </td>
              <td
                className="td2"
              >
                <input
                  data-testid="button1-1"
                  id="button1-1"
                  name="q1"
                  onChange={[Function]}
                  type="radio"
                  value="とても同意"
                />
                <label
                  className="customButton"
                  htmlFor="button1-1"
                />
              </td>
              <td
                className="td3"
              >
                <input
                  data-testid="button1-2"
                  id="button1-2"
                  name="q1"
                  onChange={[Function]}
                  type="radio"
                  value="少し同意"
                />
                <label
                  className="customButton"
                  htmlFor="button1-2"
                />
              </td>
              <td
                className="td4"
              >
                <input
                  data-testid="button1-3"
                  id="button1-3"
                  name="q1"
                  onChange={[Function]}
                  type="radio"
                  value="あまり同意しない"
                />
                <label
                  className="customButton"
                  htmlFor="button1-3"
                />
              </td>
              <td
                className="td5"
              >
                <input
                  data-testid="button1-4"
                  id="button1-4"
                  name="q1"
                  onChange={[Function]}
                  type="radio"
                  value="全く同意しない"
                />
                <label
                  className="customButton"
                  htmlFor="button1-4"
                />
              </td>
            </tr>
            <tr
              className="2"
            >
              <td
                className="questionTtl td1"
              >
                <div
                  className="Question"
                >
                  <p
                    className="QuestionNum"
                  >
                    2. 
                  </p>
                  <p>
                    英語の例文や文章の音読をもっと取り入れるべきだ
                  </p>
                </div>
              </td>
              <td
                className="td2"
              >
                <input
                  id="button2-1"
                  name="q2"
                  onChange={[Function]}
                  type="radio"
                  value="とても同意"
                />
                <label
                  className="customButton"
                  htmlFor="button2-1"
                />
              </td>
              <td
                className="td3"
              >
                <input
                  id="button2-2"
                  name="q2"
                  onChange={[Function]}
                  type="radio"
                  value="少し同意"
                />
                <label
                  className="customButton"
                  htmlFor="button2-2"
                />
              </td>
              <td
                className="td4"
              >
                <input
                  id="button2-3"
                  name="q2"
                  onChange={[Function]}
                  type="radio"
                  value="あまり同意しない"
                />
                <label
                  className="customButton"
                  htmlFor="button2-3"
                />
              </td>
              <td
                className="td5"
              >
                <input
                  id="button2-4"
                  name="q2"
                  onChange={[Function]}
                  type="radio"
                  value="全く同意しない"
                />
                <label
                  className="customButton"
                  htmlFor="button2-4"
                />
              </td>
            </tr>
            <tr
              className="3"
            >
              <td
                className="questionTtl td1"
              >
                <div
                  className="Question"
                >
                  <p
                    className="QuestionNum"
                  >
                    3. 
                  </p>
                  <p>
                    中学英語段階で基本の発音記号は教えておくべきだ。
                  </p>
                </div>
              </td>
              <td
                className="td2"
              >
                <input
                  id="button3-1"
                  name="q3"
                  onChange={[Function]}
                  type="radio"
                  value="とても同意"
                />
                <label
                  className="customButton"
                  htmlFor="button3-1"
                />
              </td>
              <td
                className="td3"
              >
                <input
                  id="button3-2"
                  name="q3"
                  onChange={[Function]}
                  type="radio"
                  value="少し同意"
                />
                <label
                  className="customButton"
                  htmlFor="button3-2"
                />
              </td>
              <td
                className="td4"
              >
                <input
                  id="button3-3"
                  name="q3"
                  onChange={[Function]}
                  type="radio"
                  value="あまり同意しない"
                />
                <label
                  className="customButton"
                  htmlFor="button3-3"
                />
              </td>
              <td
                className="td5"
              >
                <input
                  id="button3-4"
                  name="q3"
                  onChange={[Function]}
                  type="radio"
                  value="全く同意しない"
                />
                <label
                  className="customButton"
                  htmlFor="button3-4"
                />
              </td>
            </tr>
            <tr
              className="4"
            >
              <td
                className="questionTtl td1"
              >
                <div
                  className="Question"
                >
                  <p
                    className="QuestionNum"
                  >
                    4. 
                  </p>
                  <p>
                    英語の授業では、英語らしく発音しなければならない環境を作るべきだ。
                  </p>
                </div>
              </td>
              <td
                className="td2"
              >
                <input
                  id="button4-1"
                  name="q4"
                  onChange={[Function]}
                  type="radio"
                  value="とても同意"
                />
                <label
                  className="customButton"
                  htmlFor="button4-1"
                />
              </td>
              <td
                className="td3"
              >
                <input
                  id="button4-2"
                  name="q4"
                  onChange={[Function]}
                  type="radio"
                  value="少し同意"
                />
                <label
                  className="customButton"
                  htmlFor="button4-2"
                />
              </td>
              <td
                className="td4"
              >
                <input
                  id="button4-3"
                  name="q4"
                  onChange={[Function]}
                  type="radio"
                  value="あまり同意しない"
                />
                <label
                  className="customButton"
                  htmlFor="button4-3"
                />
              </td>
              <td
                className="td5"
              >
                <input
                  id="button4-4"
                  name="q4"
                  onChange={[Function]}
                  type="radio"
                  value="全く同意しない"
                />
                <label
                  className="customButton"
                  htmlFor="button4-4"
                />
              </td>
            </tr>
          </tbody>
        </table>
      </div>
      <p
        className="questions"
        data-testid="q2"
      >
        2. 英語4技能でもっと学びたかった分野はどれですか。(複数選択有り)
      </p>
      <div>
        <div
          style={
            Object {
              "display": "flex",
              "justifyContent": "center",
            }
          }
        >
          <div
            className="checkbox-wrap"
            style={
              Object {
                "color": "black",
                "cursor": "pointer",
                "fontSize": "15px",
              }
            }
          >
            <input
              checked={false}
              id="読む"
              name="checkbox"
              onChange={[Function]}
              type="checkbox"
              value="読む"
            />
            <label
              className="paddingT"
              htmlFor="読む"
              style={
                Object {
                  "fontSize": "15px",
                }
              }
            >
              読む
            </label>
          </div>
          <div
            className="checkbox-wrap"
            style={
              Object {
                "color": "black",
                "cursor": "pointer",
                "fontSize": "15px",
              }
            }
          >
            <input
              checked={false}
              id="書く"
              name="checkbox"
              onChange={[Function]}
              type="checkbox"
              value="書く"
            />
            <label
              className="paddingT"
              htmlFor="書く"
              style={
                Object {
                  "fontSize": "15px",
                }
              }
            >
              書く
            </label>
          </div>
          <div
            className="checkbox-wrap"
            style={
              Object {
                "color": "black",
                "cursor": "pointer",
                "fontSize": "15px",
              }
            }
          >
            <input
              checked={false}
              id="話す"
              name="checkbox"
              onChange={[Function]}
              type="checkbox"
              value="話す"
            />
            <label
              className="paddingT"
              htmlFor="話す"
              style={
                Object {
                  "fontSize": "15px",
                }
              }
            >
              話す
            </label>
          </div>
          <div
            className="checkbox-wrap"
            style={
              Object {
                "color": "black",
                "cursor": "pointer",
                "fontSize": "15px",
              }
            }
          >
            <input
              checked={false}
              id="聞く"
              name="checkbox"
              onChange={[Function]}
              type="checkbox"
              value="聞く"
            />
            <label
              className="paddingT"
              htmlFor="聞く"
              style={
                Object {
                  "fontSize": "15px",
                }
              }
            >
              聞く
            </label>
          </div>
        </div>
      </div>
      <p
        className="questions"
        data-testid="q3"
      >
        3. あなたは一週間に英語を何時間勉強していますか。
      </p>
      <div
        className="wrapper"
      >
        <div
          className="selectbox select"
        >
          <select
            name="time"
            onChange={[Function]}
          >
            <option
              hidden={true}
            >
              時間を選択してください。
            </option>
            <option
              value="0~2"
            >
              0~2
            </option>
            <option
              value="2~4"
            >
              2~4
            </option>
            <option
              value="4~6"
            >
              4~6
            </option>
            <option
              value="6~8"
            >
              6~8
            </option>
            <option
              value="8~"
            >
              8~
            </option>
          </select>
        </div>
        <p
          className="time"
        >
          時間
        </p>
      </div>
      <p
        className="questions"
        data-testid="q4"
      >
        4. 日本の英語教育に取り入れるべきだと思うものを記述してください(400字以内)
      </p>
      <textarea
        onChange={[Function]}
        value=""
      />
      <div
        className="buttonWrapper"
        id="buttonWrapper"
      >
        <button
          className="storybook-button button-primary"
          id="button"
          onClick={[Function]}
          style={
            Object {
              "backgroundColor": undefined,
              "border": "none",
              "color": undefined,
              "cursor": "pointer",
              "padding": "0.5rem 1rem",
            }
          }
        >
          回答状況を確認
        </button>
      </div>
    </form>
  </div>
</div>
`;
